[0.181s] DEBUG:colcon:Command line arguments: ['/usr/bin/colcon', 'build', '--symlink-install']
[0.181s] DEBUG:colcon:Parsed command line arguments: Namespace(log_base=None, log_level=None, verb_name='build', build_base='build', install_base='install', merge_install=False, symlink_install=True, test_result_base=None, continue_on_error=False, executor='parallel', parallel_workers=12, event_handlers=None, ignore_user_meta=False, metas=['./colcon.meta'], base_paths=['.'], packages_ignore=None, packages_ignore_regex=None, paths=None, packages_up_to=None, packages_up_to_regex=None, packages_above=None, packages_above_and_dependencies=None, packages_above_depth=None, packages_select_by_dep=None, packages_skip_by_dep=None, packages_skip_up_to=None, packages_select_build_failed=False, packages_skip_build_finished=False, packages_select_test_failures=False, packages_skip_test_passed=False, packages_select=None, packages_skip=None, packages_select_regex=None, packages_skip_regex=None, packages_start=None, packages_end=None, allow_overriding=[], cmake_args=None, cmake_target=None, cmake_target_skip_unavailable=False, cmake_clean_cache=False, cmake_clean_first=False, cmake_force_configure=False, ament_cmake_args=None, catkin_cmake_args=None, catkin_skip_building_tests=False, mixin_files=None, mixin=None, verb_parser=<colcon_mixin.mixin.mixin_argument.MixinArgumentDecorator object at 0x7d88f129fe20>, verb_extension=<colcon_core.verb.build.BuildVerb object at 0x7d88f129f730>, main=<bound method BuildVerb.main of <colcon_core.verb.build.BuildVerb object at 0x7d88f129f730>>, mixin_verb=('build',))
[0.520s] Level 1:colcon.colcon_core.package_discovery:discover_packages(colcon_meta) check parameters
[0.520s] Level 1:colcon.colcon_core.package_discovery:discover_packages(recursive) check parameters
[0.521s] Level 1:colcon.colcon_core.package_discovery:discover_packages(ignore) check parameters
[0.521s] Level 1:colcon.colcon_core.package_discovery:discover_packages(path) check parameters
[0.521s] Level 1:colcon.colcon_core.package_discovery:discover_packages(colcon_meta) discover
[0.521s] Level 1:colcon.colcon_core.package_discovery:discover_packages(recursive) discover
[0.521s] INFO:colcon.colcon_core.package_discovery:Crawling recursively for packages in '/home/ammar/Robotics_Basics'
[0.521s] Level 1:colcon.colcon_core.package_identification:_identify(.) by extensions ['ignore', 'ignore_ament_install']
[0.521s] Level 1:colcon.colcon_core.package_identification:_identify(.) by extension 'ignore'
[0.521s] Level 1:colcon.colcon_core.package_identification:_identify(.) by extension 'ignore_ament_install'
[0.521s] Level 1:colcon.colcon_core.package_identification:_identify(.) by extensions ['colcon_pkg']
[0.521s] Level 1:colcon.colcon_core.package_identification:_identify(.) by extension 'colcon_pkg'
[0.521s] Level 1:colcon.colcon_core.package_identification:_identify(.) by extensions ['colcon_meta']
[0.522s] Level 1:colcon.colcon_core.package_identification:_identify(.) by extension 'colcon_meta'
[0.522s] Level 1:colcon.colcon_core.package_identification:_identify(.) by extensions ['ros']
[0.522s] Level 1:colcon.colcon_core.package_identification:_identify(.) by extension 'ros'
[0.543s] Level 1:colcon.colcon_core.package_identification:_identify(.) by extensions ['cmake', 'python']
[0.543s] Level 1:colcon.colcon_core.package_identification:_identify(.) by extension 'cmake'
[0.543s] Level 1:colcon.colcon_core.package_identification:_identify(.) by extension 'python'
[0.543s] Level 1:colcon.colcon_core.package_identification:_identify(.) by extensions ['python_setup_py']
[0.543s] Level 1:colcon.colcon_core.package_identification:_identify(.) by extension 'python_setup_py'
[0.544s] Level 1:colcon.colcon_core.package_identification:_identify(build) by extensions ['ignore', 'ignore_ament_install']
[0.544s] Level 1:colcon.colcon_core.package_identification:_identify(build) by extension 'ignore'
[0.544s] Level 1:colcon.colcon_core.package_identification:_identify(build) ignored
[0.544s] Level 1:colcon.colcon_core.package_identification:_identify(install) by extensions ['ignore', 'ignore_ament_install']
[0.544s] Level 1:colcon.colcon_core.package_identification:_identify(install) by extension 'ignore'
[0.544s] Level 1:colcon.colcon_core.package_identification:_identify(install) ignored
[0.544s] Level 1:colcon.colcon_core.package_identification:_identify(log) by extensions ['ignore', 'ignore_ament_install']
[0.545s] Level 1:colcon.colcon_core.package_identification:_identify(log) by extension 'ignore'
[0.545s] Level 1:colcon.colcon_core.package_identification:_identify(log) ignored
[0.545s] Level 1:colcon.colcon_core.package_identification:_identify(src) by extensions ['ignore', 'ignore_ament_install']
[0.545s] Level 1:colcon.colcon_core.package_identification:_identify(src) by extension 'ignore'
[0.545s] Level 1:colcon.colcon_core.package_identification:_identify(src) by extension 'ignore_ament_install'
[0.545s] Level 1:colcon.colcon_core.package_identification:_identify(src) by extensions ['colcon_pkg']
[0.545s] Level 1:colcon.colcon_core.package_identification:_identify(src) by extension 'colcon_pkg'
[0.545s] Level 1:colcon.colcon_core.package_identification:_identify(src) by extensions ['colcon_meta']
[0.545s] Level 1:colcon.colcon_core.package_identification:_identify(src) by extension 'colcon_meta'
[0.545s] Level 1:colcon.colcon_core.package_identification:_identify(src) by extensions ['ros']
[0.545s] Level 1:colcon.colcon_core.package_identification:_identify(src) by extension 'ros'
[0.546s] Level 1:colcon.colcon_core.package_identification:_identify(src) by extensions ['cmake', 'python']
[0.546s] Level 1:colcon.colcon_core.package_identification:_identify(src) by extension 'cmake'
[0.546s] Level 1:colcon.colcon_core.package_identification:_identify(src) by extension 'python'
[0.546s] Level 1:colcon.colcon_core.package_identification:_identify(src) by extensions ['python_setup_py']
[0.546s] Level 1:colcon.colcon_core.package_identification:_identify(src) by extension 'python_setup_py'
[0.546s] Level 1:colcon.colcon_core.package_identification:_identify(src/diff_drive_robot) by extensions ['ignore', 'ignore_ament_install']
[0.546s] Level 1:colcon.colcon_core.package_identification:_identify(src/diff_drive_robot) by extension 'ignore'
[0.546s] Level 1:colcon.colcon_core.package_identification:_identify(src/diff_drive_robot) by extension 'ignore_ament_install'
[0.546s] Level 1:colcon.colcon_core.package_identification:_identify(src/diff_drive_robot) by extensions ['colcon_pkg']
[0.546s] Level 1:colcon.colcon_core.package_identification:_identify(src/diff_drive_robot) by extension 'colcon_pkg'
[0.546s] Level 1:colcon.colcon_core.package_identification:_identify(src/diff_drive_robot) by extensions ['colcon_meta']
[0.547s] Level 1:colcon.colcon_core.package_identification:_identify(src/diff_drive_robot) by extension 'colcon_meta'
[0.547s] Level 1:colcon.colcon_core.package_identification:_identify(src/diff_drive_robot) by extensions ['ros']
[0.547s] Level 1:colcon.colcon_core.package_identification:_identify(src/diff_drive_robot) by extension 'ros'
[0.550s] DEBUG:colcon.colcon_core.package_identification:Package 'src/diff_drive_robot' with type 'ros.ament_cmake' and name 'diff_drive_robot'
[0.550s] Level 1:colcon.colcon_core.package_discovery:discover_packages(recursive) using defaults
[0.550s] Level 1:colcon.colcon_core.package_discovery:discover_packages(ignore) discover
[0.550s] Level 1:colcon.colcon_core.package_discovery:discover_packages(ignore) using defaults
[0.550s] Level 1:colcon.colcon_core.package_discovery:discover_packages(path) discover
[0.550s] Level 1:colcon.colcon_core.package_discovery:discover_packages(path) using defaults
[0.578s] Level 1:colcon.colcon_core.package_discovery:discover_packages(prefix_path) check parameters
[0.579s] Level 1:colcon.colcon_core.package_discovery:discover_packages(prefix_path) discover
[0.584s] DEBUG:colcon.colcon_installed_package_information.package_discovery:Found 1 installed packages in /home/ammar/Robotics_Basics/install
[0.586s] DEBUG:colcon.colcon_installed_package_information.package_discovery:Found 56 installed packages in /home/ammar/ws_moveit2/install
[0.587s] DEBUG:colcon.colcon_installed_package_information.package_discovery:Found 1 installed packages in /home/ammar/f1tenth_lab5_template/install
[0.588s] DEBUG:colcon.colcon_installed_package_information.package_discovery:Found 2 installed packages in /home/ammar/ros2_ws/install
[0.588s] DEBUG:colcon.colcon_installed_package_information.package_discovery:Found 4 installed packages in /home/ammar/turtlebot3_localization/install
[0.589s] DEBUG:colcon.colcon_installed_package_information.package_discovery:Found 3 installed packages in /home/ammar/f110_labs_ws/install
[0.589s] DEBUG:colcon.colcon_installed_package_information.package_discovery:Found 1 installed packages in /home/ammar/sim_ws/install
[0.590s] DEBUG:colcon.colcon_installed_package_information.package_discovery:Found 10 installed packages in /home/ammar/arduinobot_ws/install
[0.592s] DEBUG:colcon.colcon_installed_package_information.package_discovery:Found 416 installed packages in /opt/ros/humble
[0.595s] Level 1:colcon.colcon_core.package_discovery:discover_packages(prefix_path) using defaults
[0.675s] Level 5:colcon.colcon_core.verb:set package 'diff_drive_robot' build argument 'cmake_args' from command line to 'None'
[0.675s] Level 5:colcon.colcon_core.verb:set package 'diff_drive_robot' build argument 'cmake_target' from command line to 'None'
[0.675s] Level 5:colcon.colcon_core.verb:set package 'diff_drive_robot' build argument 'cmake_target_skip_unavailable' from command line to 'False'
[0.676s] Level 5:colcon.colcon_core.verb:set package 'diff_drive_robot' build argument 'cmake_clean_cache' from command line to 'False'
[0.676s] Level 5:colcon.colcon_core.verb:set package 'diff_drive_robot' build argument 'cmake_clean_first' from command line to 'False'
[0.676s] Level 5:colcon.colcon_core.verb:set package 'diff_drive_robot' build argument 'cmake_force_configure' from command line to 'False'
[0.676s] Level 5:colcon.colcon_core.verb:set package 'diff_drive_robot' build argument 'ament_cmake_args' from command line to 'None'
[0.676s] Level 5:colcon.colcon_core.verb:set package 'diff_drive_robot' build argument 'catkin_cmake_args' from command line to 'None'
[0.676s] Level 5:colcon.colcon_core.verb:set package 'diff_drive_robot' build argument 'catkin_skip_building_tests' from command line to 'False'
[0.676s] DEBUG:colcon.colcon_core.verb:Building package 'diff_drive_robot' with the following arguments: {'ament_cmake_args': None, 'build_base': '/home/ammar/Robotics_Basics/build/diff_drive_robot', 'catkin_cmake_args': None, 'catkin_skip_building_tests': False, 'cmake_args': None, 'cmake_clean_cache': False, 'cmake_clean_first': False, 'cmake_force_configure': False, 'cmake_target': None, 'cmake_target_skip_unavailable': False, 'install_base': '/home/ammar/Robotics_Basics/install/diff_drive_robot', 'merge_install': False, 'path': '/home/ammar/Robotics_Basics/src/diff_drive_robot', 'symlink_install': True, 'test_result_base': None}
[0.676s] INFO:colcon.colcon_core.executor:Executing jobs using 'parallel' executor
[0.677s] DEBUG:colcon.colcon_parallel_executor.executor.parallel:run_until_complete
[0.677s] INFO:colcon.colcon_ros.task.ament_cmake.build:Building ROS package in '/home/ammar/Robotics_Basics/src/diff_drive_robot' with build type 'ament_cmake'
[0.678s] INFO:colcon.colcon_cmake.task.cmake.build:Building CMake package in '/home/ammar/Robotics_Basics/src/diff_drive_robot'
[0.681s] INFO:colcon.colcon_core.plugin_system:Skipping extension 'colcon_core.shell.bat': Not used on non-Windows systems
[0.681s] INFO:colcon.colcon_core.shell:Skip shell extension 'powershell' for command environment: Not usable outside of PowerShell
[0.681s] DEBUG:colcon.colcon_core.shell:Skip shell extension 'dsv' for command environment
[0.701s] DEBUG:colcon.colcon_core.event_handler.log_command:Invoking command in '/home/ammar/Robotics_Basics/build/diff_drive_robot': CMAKE_PREFIX_PATH=${CMAKE_PREFIX_PATH}:/home/ammar/ws_moveit2/install/moveit_configs_utils:/home/ammar/ws_moveit2/install/launch_param_builder:/home/ammar/ros2_ws/install/test_serial:/home/ammar/turtlebot3_localization/install/kalman_filter:/home/ammar/f110_labs_ws/install/autodrive_nigel:/home/ammar/f110_labs_ws/install/autodrive_f1tenth:/home/ammar/sim_ws/install/f1tenth_gym_ros:/home/ammar/arduinobot_ws/install/arduinobot_py_examples:/opt/ros/humble /usr/bin/cmake /home/ammar/Robotics_Basics/src/diff_drive_robot -DAMENT_CMAKE_SYMLINK_INSTALL=1 -DCMAKE_INSTALL_PREFIX=/home/ammar/Robotics_Basics/install/diff_drive_robot
[1.023s] DEBUG:colcon.colcon_core.event_handler.log_command:Invoked command in '/home/ammar/Robotics_Basics/build/diff_drive_robot' returned '0': CMAKE_PREFIX_PATH=${CMAKE_PREFIX_PATH}:/home/ammar/ws_moveit2/install/moveit_configs_utils:/home/ammar/ws_moveit2/install/launch_param_builder:/home/ammar/ros2_ws/install/test_serial:/home/ammar/turtlebot3_localization/install/kalman_filter:/home/ammar/f110_labs_ws/install/autodrive_nigel:/home/ammar/f110_labs_ws/install/autodrive_f1tenth:/home/ammar/sim_ws/install/f1tenth_gym_ros:/home/ammar/arduinobot_ws/install/arduinobot_py_examples:/opt/ros/humble /usr/bin/cmake /home/ammar/Robotics_Basics/src/diff_drive_robot -DAMENT_CMAKE_SYMLINK_INSTALL=1 -DCMAKE_INSTALL_PREFIX=/home/ammar/Robotics_Basics/install/diff_drive_robot
[1.024s] DEBUG:colcon.colcon_core.event_handler.log_command:Invoking command in '/home/ammar/Robotics_Basics/build/diff_drive_robot': CMAKE_PREFIX_PATH=${CMAKE_PREFIX_PATH}:/home/ammar/ws_moveit2/install/moveit_configs_utils:/home/ammar/ws_moveit2/install/launch_param_builder:/home/ammar/ros2_ws/install/test_serial:/home/ammar/turtlebot3_localization/install/kalman_filter:/home/ammar/f110_labs_ws/install/autodrive_nigel:/home/ammar/f110_labs_ws/install/autodrive_f1tenth:/home/ammar/sim_ws/install/f1tenth_gym_ros:/home/ammar/arduinobot_ws/install/arduinobot_py_examples:/opt/ros/humble /usr/bin/cmake --build /home/ammar/Robotics_Basics/build/diff_drive_robot -- -j12 -l12
[1.080s] DEBUG:colcon.colcon_core.event_handler.log_command:Invoked command in '/home/ammar/Robotics_Basics/build/diff_drive_robot' returned '0': CMAKE_PREFIX_PATH=${CMAKE_PREFIX_PATH}:/home/ammar/ws_moveit2/install/moveit_configs_utils:/home/ammar/ws_moveit2/install/launch_param_builder:/home/ammar/ros2_ws/install/test_serial:/home/ammar/turtlebot3_localization/install/kalman_filter:/home/ammar/f110_labs_ws/install/autodrive_nigel:/home/ammar/f110_labs_ws/install/autodrive_f1tenth:/home/ammar/sim_ws/install/f1tenth_gym_ros:/home/ammar/arduinobot_ws/install/arduinobot_py_examples:/opt/ros/humble /usr/bin/cmake --build /home/ammar/Robotics_Basics/build/diff_drive_robot -- -j12 -l12
[1.095s] DEBUG:colcon.colcon_core.event_handler.log_command:Invoking command in '/home/ammar/Robotics_Basics/build/diff_drive_robot': CMAKE_PREFIX_PATH=${CMAKE_PREFIX_PATH}:/home/ammar/ws_moveit2/install/moveit_configs_utils:/home/ammar/ws_moveit2/install/launch_param_builder:/home/ammar/ros2_ws/install/test_serial:/home/ammar/turtlebot3_localization/install/kalman_filter:/home/ammar/f110_labs_ws/install/autodrive_nigel:/home/ammar/f110_labs_ws/install/autodrive_f1tenth:/home/ammar/sim_ws/install/f1tenth_gym_ros:/home/ammar/arduinobot_ws/install/arduinobot_py_examples:/opt/ros/humble /usr/bin/cmake --install /home/ammar/Robotics_Basics/build/diff_drive_robot
[1.141s] Level 1:colcon.colcon_core.environment:create_environment_scripts_only(diff_drive_robot)
[1.141s] DEBUG:colcon.colcon_core.event_handler.log_command:Invoked command in '/home/ammar/Robotics_Basics/build/diff_drive_robot' returned '0': CMAKE_PREFIX_PATH=${CMAKE_PREFIX_PATH}:/home/ammar/ws_moveit2/install/moveit_configs_utils:/home/ammar/ws_moveit2/install/launch_param_builder:/home/ammar/ros2_ws/install/test_serial:/home/ammar/turtlebot3_localization/install/kalman_filter:/home/ammar/f110_labs_ws/install/autodrive_nigel:/home/ammar/f110_labs_ws/install/autodrive_f1tenth:/home/ammar/sim_ws/install/f1tenth_gym_ros:/home/ammar/arduinobot_ws/install/arduinobot_py_examples:/opt/ros/humble /usr/bin/cmake --install /home/ammar/Robotics_Basics/build/diff_drive_robot
[1.144s] Level 1:colcon.colcon_core.environment:checking '/home/ammar/Robotics_Basics/install/diff_drive_robot' for CMake module files
[1.145s] Level 1:colcon.colcon_core.environment:checking '/home/ammar/Robotics_Basics/install/diff_drive_robot' for CMake config files
[1.145s] Level 1:colcon.colcon_core.shell:create_environment_hook('diff_drive_robot', 'cmake_prefix_path')
[1.146s] INFO:colcon.colcon_core.shell:Creating environment hook '/home/ammar/Robotics_Basics/install/diff_drive_robot/share/diff_drive_robot/hook/cmake_prefix_path.ps1'
[1.146s] INFO:colcon.colcon_core.shell:Creating environment descriptor '/home/ammar/Robotics_Basics/install/diff_drive_robot/share/diff_drive_robot/hook/cmake_prefix_path.dsv'
[1.147s] INFO:colcon.colcon_core.shell:Creating environment hook '/home/ammar/Robotics_Basics/install/diff_drive_robot/share/diff_drive_robot/hook/cmake_prefix_path.sh'
[1.148s] Level 1:colcon.colcon_core.environment:checking '/home/ammar/Robotics_Basics/install/diff_drive_robot/lib'
[1.148s] Level 1:colcon.colcon_core.environment:checking '/home/ammar/Robotics_Basics/install/diff_drive_robot/bin'
[1.148s] Level 1:colcon.colcon_core.environment:checking '/home/ammar/Robotics_Basics/install/diff_drive_robot/lib/pkgconfig/diff_drive_robot.pc'
[1.149s] Level 1:colcon.colcon_core.environment:checking '/home/ammar/Robotics_Basics/install/diff_drive_robot/lib/python3.10/site-packages'
[1.149s] Level 1:colcon.colcon_core.environment:checking '/home/ammar/Robotics_Basics/install/diff_drive_robot/bin'
[1.149s] INFO:colcon.colcon_core.shell:Creating package script '/home/ammar/Robotics_Basics/install/diff_drive_robot/share/diff_drive_robot/package.ps1'
[1.151s] INFO:colcon.colcon_core.shell:Creating package descriptor '/home/ammar/Robotics_Basics/install/diff_drive_robot/share/diff_drive_robot/package.dsv'
[1.151s] INFO:colcon.colcon_core.shell:Creating package script '/home/ammar/Robotics_Basics/install/diff_drive_robot/share/diff_drive_robot/package.sh'
[1.152s] INFO:colcon.colcon_core.shell:Creating package script '/home/ammar/Robotics_Basics/install/diff_drive_robot/share/diff_drive_robot/package.bash'
[1.153s] INFO:colcon.colcon_core.shell:Creating package script '/home/ammar/Robotics_Basics/install/diff_drive_robot/share/diff_drive_robot/package.zsh'
[1.154s] Level 1:colcon.colcon_core.environment:create_file_with_runtime_dependencies(/home/ammar/Robotics_Basics/install/diff_drive_robot/share/colcon-core/packages/diff_drive_robot)
[1.155s] Level 1:colcon.colcon_core.environment:create_environment_scripts_only(diff_drive_robot)
[1.155s] Level 1:colcon.colcon_core.environment:checking '/home/ammar/Robotics_Basics/install/diff_drive_robot' for CMake module files
[1.155s] Level 1:colcon.colcon_core.environment:checking '/home/ammar/Robotics_Basics/install/diff_drive_robot' for CMake config files
[1.156s] Level 1:colcon.colcon_core.shell:create_environment_hook('diff_drive_robot', 'cmake_prefix_path')
[1.156s] INFO:colcon.colcon_core.shell:Creating environment hook '/home/ammar/Robotics_Basics/install/diff_drive_robot/share/diff_drive_robot/hook/cmake_prefix_path.ps1'
[1.157s] INFO:colcon.colcon_core.shell:Creating environment descriptor '/home/ammar/Robotics_Basics/install/diff_drive_robot/share/diff_drive_robot/hook/cmake_prefix_path.dsv'
[1.157s] INFO:colcon.colcon_core.shell:Creating environment hook '/home/ammar/Robotics_Basics/install/diff_drive_robot/share/diff_drive_robot/hook/cmake_prefix_path.sh'
[1.158s] Level 1:colcon.colcon_core.environment:checking '/home/ammar/Robotics_Basics/install/diff_drive_robot/lib'
[1.158s] Level 1:colcon.colcon_core.environment:checking '/home/ammar/Robotics_Basics/install/diff_drive_robot/bin'
[1.158s] Level 1:colcon.colcon_core.environment:checking '/home/ammar/Robotics_Basics/install/diff_drive_robot/lib/pkgconfig/diff_drive_robot.pc'
[1.158s] Level 1:colcon.colcon_core.environment:checking '/home/ammar/Robotics_Basics/install/diff_drive_robot/lib/python3.10/site-packages'
[1.159s] Level 1:colcon.colcon_core.environment:checking '/home/ammar/Robotics_Basics/install/diff_drive_robot/bin'
[1.159s] INFO:colcon.colcon_core.shell:Creating package script '/home/ammar/Robotics_Basics/install/diff_drive_robot/share/diff_drive_robot/package.ps1'
[1.160s] INFO:colcon.colcon_core.shell:Creating package descriptor '/home/ammar/Robotics_Basics/install/diff_drive_robot/share/diff_drive_robot/package.dsv'
[1.160s] INFO:colcon.colcon_core.shell:Creating package script '/home/ammar/Robotics_Basics/install/diff_drive_robot/share/diff_drive_robot/package.sh'
[1.161s] INFO:colcon.colcon_core.shell:Creating package script '/home/ammar/Robotics_Basics/install/diff_drive_robot/share/diff_drive_robot/package.bash'
[1.161s] INFO:colcon.colcon_core.shell:Creating package script '/home/ammar/Robotics_Basics/install/diff_drive_robot/share/diff_drive_robot/package.zsh'
[1.162s] Level 1:colcon.colcon_core.environment:create_file_with_runtime_dependencies(/home/ammar/Robotics_Basics/install/diff_drive_robot/share/colcon-core/packages/diff_drive_robot)
[1.162s] DEBUG:colcon.colcon_parallel_executor.executor.parallel:closing loop
[1.163s] DEBUG:colcon.colcon_parallel_executor.executor.parallel:loop closed
[1.163s] DEBUG:colcon.colcon_parallel_executor.executor.parallel:run_until_complete finished with '0'
[1.163s] DEBUG:colcon.colcon_core.event_reactor:joining thread
[1.170s] INFO:colcon.colcon_core.plugin_system:Skipping extension 'colcon_notification.desktop_notification.terminal_notifier': Not used on non-Darwin systems
[1.170s] INFO:colcon.colcon_core.plugin_system:Skipping extension 'colcon_notification.desktop_notification.win32': Not used on non-Windows systems
[1.170s] INFO:colcon.colcon_notification.desktop_notification:Sending desktop notification using 'notify2'
[1.182s] DEBUG:colcon.colcon_core.event_reactor:joined thread
[1.183s] INFO:colcon.colcon_core.shell:Creating prefix script '/home/ammar/Robotics_Basics/install/local_setup.ps1'
[1.184s] INFO:colcon.colcon_core.shell:Creating prefix util module '/home/ammar/Robotics_Basics/install/_local_setup_util_ps1.py'
[1.186s] INFO:colcon.colcon_core.shell:Creating prefix chain script '/home/ammar/Robotics_Basics/install/setup.ps1'
[1.191s] INFO:colcon.colcon_core.shell:Creating prefix script '/home/ammar/Robotics_Basics/install/local_setup.sh'
[1.192s] INFO:colcon.colcon_core.shell:Creating prefix util module '/home/ammar/Robotics_Basics/install/_local_setup_util_sh.py'
[1.193s] INFO:colcon.colcon_core.shell:Creating prefix chain script '/home/ammar/Robotics_Basics/install/setup.sh'
[1.198s] INFO:colcon.colcon_core.shell:Creating prefix script '/home/ammar/Robotics_Basics/install/local_setup.bash'
[1.199s] INFO:colcon.colcon_core.shell:Creating prefix chain script '/home/ammar/Robotics_Basics/install/setup.bash'
[1.204s] INFO:colcon.colcon_core.shell:Creating prefix script '/home/ammar/Robotics_Basics/install/local_setup.zsh'
[1.204s] INFO:colcon.colcon_core.shell:Creating prefix chain script '/home/ammar/Robotics_Basics/install/setup.zsh'
