[0.023s] Invoking command in '/home/ammar/Robotics_Basics/build/diff_drive_robot': CMAKE_PREFIX_PATH=${CMAKE_PREFIX_PATH}:/home/ammar/ws_moveit2/install/moveit_configs_utils:/home/ammar/ws_moveit2/install/launch_param_builder:/home/ammar/ros2_ws/install/test_serial:/home/ammar/turtlebot3_localization/install/kalman_filter:/home/ammar/f110_labs_ws/install/autodrive_nigel:/home/ammar/f110_labs_ws/install/autodrive_f1tenth:/home/ammar/sim_ws/install/f1tenth_gym_ros:/home/ammar/arduinobot_ws/install/arduinobot_py_examples:/opt/ros/humble /usr/bin/cmake --build /home/ammar/Robotics_Basics/build/diff_drive_robot -- -j12 -l12
[0.059s] -- Found ament_cmake: 1.3.14 (/opt/ros/humble/share/ament_cmake/cmake)
[0.238s] -- Override CMake install command with custom implementation using symlinks instead of copying resources
[0.247s] -- Found ament_lint_auto: 0.12.15 (/opt/ros/humble/share/ament_lint_auto/cmake)
[0.346s] -- Added test 'flake8' to check Python code syntax and style conventions
[0.347s] -- Added test 'lint_cmake' to check CMake code style
[0.347s] -- Added test 'pep257' to check Python code against some of the docstring style conventions in PEP 257
[0.349s] -- Added test 'xmllint' to check XML markup files
[0.350s] -- Configuring done
[0.353s] -- Generating done
[0.355s] -- Build files have been written to: /home/ammar/Robotics_Basics/build/diff_drive_robot
[0.386s] Invoked command in '/home/ammar/Robotics_Basics/build/diff_drive_robot' returned '0': CMAKE_PREFIX_PATH=${CMAKE_PREFIX_PATH}:/home/ammar/ws_moveit2/install/moveit_configs_utils:/home/ammar/ws_moveit2/install/launch_param_builder:/home/ammar/ros2_ws/install/test_serial:/home/ammar/turtlebot3_localization/install/kalman_filter:/home/ammar/f110_labs_ws/install/autodrive_nigel:/home/ammar/f110_labs_ws/install/autodrive_f1tenth:/home/ammar/sim_ws/install/f1tenth_gym_ros:/home/ammar/arduinobot_ws/install/arduinobot_py_examples:/opt/ros/humble /usr/bin/cmake --build /home/ammar/Robotics_Basics/build/diff_drive_robot -- -j12 -l12
[0.401s] Invoking command in '/home/ammar/Robotics_Basics/build/diff_drive_robot': CMAKE_PREFIX_PATH=${CMAKE_PREFIX_PATH}:/home/ammar/ws_moveit2/install/moveit_configs_utils:/home/ammar/ws_moveit2/install/launch_param_builder:/home/ammar/ros2_ws/install/test_serial:/home/ammar/turtlebot3_localization/install/kalman_filter:/home/ammar/f110_labs_ws/install/autodrive_nigel:/home/ammar/f110_labs_ws/install/autodrive_f1tenth:/home/ammar/sim_ws/install/f1tenth_gym_ros:/home/ammar/arduinobot_ws/install/arduinobot_py_examples:/opt/ros/humble /usr/bin/cmake --install /home/ammar/Robotics_Basics/build/diff_drive_robot
[0.412s] -- Install configuration: ""
[0.413s] -- Execute custom install script
[0.413s] [31mCMake Error at ament_cmake_symlink_install/ament_cmake_symlink_install.cmake:209 (message):
[0.413s]   ament_cmake_symlink_install_programs() can't find
[0.413s]   '/home/ammar/Robotics_Basics/src/diff_drive_robot/scripts/kinematic_model.py'
[0.413s] Call Stack (most recent call first):
[0.413s]   ament_cmake_symlink_install/ament_cmake_symlink_install.cmake:319 (ament_cmake_symlink_install_programs)
[0.413s]   cmake_install.cmake:46 (include)
[0.413s] 
[0.414s] [0m
[0.415s] Invoked command in '/home/ammar/Robotics_Basics/build/diff_drive_robot' returned '1': CMAKE_PREFIX_PATH=${CMAKE_PREFIX_PATH}:/home/ammar/ws_moveit2/install/moveit_configs_utils:/home/ammar/ws_moveit2/install/launch_param_builder:/home/ammar/ros2_ws/install/test_serial:/home/ammar/turtlebot3_localization/install/kalman_filter:/home/ammar/f110_labs_ws/install/autodrive_nigel:/home/ammar/f110_labs_ws/install/autodrive_f1tenth:/home/ammar/sim_ws/install/f1tenth_gym_ros:/home/ammar/arduinobot_ws/install/arduinobot_py_examples:/opt/ros/humble /usr/bin/cmake --install /home/ammar/Robotics_Basics/build/diff_drive_robot
