-- Install configuration: ""
-- Execute custom install script
-- Up-to-date symlink: /home/ammar/Robotics_Basics/install/diff_drive_robot/share/diff_drive_robot/launch/__pycache__/gazebo.launch.cpython-310.pyc
-- Up-to-date symlink: /home/ammar/Robotics_Basics/install/diff_drive_robot/share/diff_drive_robot/launch/__pycache__/gazebo_paused.launch.cpython-310.pyc
-- Up-to-date symlink: /home/ammar/Robotics_Basics/install/diff_drive_robot/share/diff_drive_robot/launch/display.launch.py
-- Up-to-date symlink: /home/ammar/Robotics_Basics/install/diff_drive_robot/share/diff_drive_robot/launch/gazebo.launch.py
-- Up-to-date symlink: /home/ammar/Robotics_Basics/install/diff_drive_robot/share/diff_drive_robot/launch/gazebo_paused.launch.py
-- Up-to-date symlink: /home/ammar/Robotics_Basics/install/diff_drive_robot/share/diff_drive_robot/urdf/diff_drive_robot.xacro
-- Up-to-date symlink: /home/ammar/Robotics_Basics/install/diff_drive_robot/share/diff_drive_robot/urdf/gazebo.xacro
-- Up-to-date symlink: /home/ammar/Robotics_Basics/install/diff_drive_robot/share/ament_index/resource_index/package_run_dependencies/diff_drive_robot
-- Up-to-date symlink: /home/ammar/Robotics_Basics/install/diff_drive_robot/share/ament_index/resource_index/parent_prefix_path/diff_drive_robot
-- Up-to-date symlink: /home/ammar/Robotics_Basics/install/diff_drive_robot/share/diff_drive_robot/environment/ament_prefix_path.sh
-- Up-to-date symlink: /home/ammar/Robotics_Basics/install/diff_drive_robot/share/diff_drive_robot/environment/ament_prefix_path.dsv
-- Up-to-date symlink: /home/ammar/Robotics_Basics/install/diff_drive_robot/share/diff_drive_robot/environment/path.sh
-- Up-to-date symlink: /home/ammar/Robotics_Basics/install/diff_drive_robot/share/diff_drive_robot/environment/path.dsv
-- Up-to-date symlink: /home/ammar/Robotics_Basics/install/diff_drive_robot/share/diff_drive_robot/local_setup.bash
-- Up-to-date symlink: /home/ammar/Robotics_Basics/install/diff_drive_robot/share/diff_drive_robot/local_setup.sh
-- Up-to-date symlink: /home/ammar/Robotics_Basics/install/diff_drive_robot/share/diff_drive_robot/local_setup.zsh
-- Up-to-date symlink: /home/ammar/Robotics_Basics/install/diff_drive_robot/share/diff_drive_robot/local_setup.dsv
-- Symlinking: /home/ammar/Robotics_Basics/install/diff_drive_robot/share/diff_drive_robot/package.dsv
-- Up-to-date symlink: /home/ammar/Robotics_Basics/install/diff_drive_robot/share/ament_index/resource_index/packages/diff_drive_robot
-- Up-to-date symlink: /home/ammar/Robotics_Basics/install/diff_drive_robot/share/diff_drive_robot/cmake/diff_drive_robotConfig.cmake
-- Up-to-date symlink: /home/ammar/Robotics_Basics/install/diff_drive_robot/share/diff_drive_robot/cmake/diff_drive_robotConfig-version.cmake
-- Up-to-date symlink: /home/ammar/Robotics_Basics/install/diff_drive_robot/share/diff_drive_robot/package.xml
