[0.064s] Invoking command in '/home/ammar/Robotics_Basics/build/diff_drive_robot': CMAKE_PREFIX_PATH=${CMAKE_PREFIX_PATH}:/home/ammar/ws_moveit2/install/moveit_configs_utils:/home/ammar/ws_moveit2/install/launch_param_builder:/home/ammar/ros2_ws/install/test_serial:/home/ammar/turtlebot3_localization/install/kalman_filter:/home/ammar/f110_labs_ws/install/autodrive_nigel:/home/ammar/f110_labs_ws/install/autodrive_f1tenth:/home/ammar/sim_ws/install/f1tenth_gym_ros:/home/ammar/arduinobot_ws/install/arduinobot_py_examples:/opt/ros/humble /usr/bin/cmake /home/ammar/Robotics_Basics/src/diff_drive_robot -DCMAKE_INSTALL_PREFIX=/home/ammar/Robotics_Basics/install/diff_drive_robot
[1.280s] -- The C compiler identification is GNU 11.4.0
[2.046s] -- The CXX compiler identification is GNU 11.4.0
[2.060s] -- Detecting C compiler ABI info
[2.262s] -- Detecting C compiler ABI info - done
[2.272s] -- Check for working C compiler: /usr/bin/cc - skipped
[2.272s] -- Detecting C compile features
[2.296s] -- Detecting C compile features - done
[2.303s] -- Detecting CXX compiler ABI info
[2.450s] -- Detecting CXX compiler ABI info - done
[2.461s] -- Check for working CXX compiler: /usr/bin/c++ - skipped
[2.461s] -- Detecting CXX compile features
[2.461s] -- Detecting CXX compile features - done
[3.625s] -- Found ament_cmake: 1.3.14 (/opt/ros/humble/share/ament_cmake/cmake)
[4.234s] -- Found Python3: /usr/bin/python3 (found version "3.10.12") found components: Interpreter 
[4.631s] -- Found ament_lint_auto: 0.12.15 (/opt/ros/humble/share/ament_lint_auto/cmake)
[4.821s] -- Added test 'flake8' to check Python code syntax and style conventions
[4.823s] -- Added test 'lint_cmake' to check CMake code style
[4.825s] -- Added test 'pep257' to check Python code against some of the docstring style conventions in PEP 257
[4.828s] -- Added test 'xmllint' to check XML markup files
[4.832s] -- Configuring done
[4.835s] -- Generating done
[4.837s] -- Build files have been written to: /home/ammar/Robotics_Basics/build/diff_drive_robot
[4.842s] Invoked command in '/home/ammar/Robotics_Basics/build/diff_drive_robot' returned '0': CMAKE_PREFIX_PATH=${CMAKE_PREFIX_PATH}:/home/ammar/ws_moveit2/install/moveit_configs_utils:/home/ammar/ws_moveit2/install/launch_param_builder:/home/ammar/ros2_ws/install/test_serial:/home/ammar/turtlebot3_localization/install/kalman_filter:/home/ammar/f110_labs_ws/install/autodrive_nigel:/home/ammar/f110_labs_ws/install/autodrive_f1tenth:/home/ammar/sim_ws/install/f1tenth_gym_ros:/home/ammar/arduinobot_ws/install/arduinobot_py_examples:/opt/ros/humble /usr/bin/cmake /home/ammar/Robotics_Basics/src/diff_drive_robot -DCMAKE_INSTALL_PREFIX=/home/ammar/Robotics_Basics/install/diff_drive_robot
[4.844s] Invoking command in '/home/ammar/Robotics_Basics/build/diff_drive_robot': CMAKE_PREFIX_PATH=${CMAKE_PREFIX_PATH}:/home/ammar/ws_moveit2/install/moveit_configs_utils:/home/ammar/ws_moveit2/install/launch_param_builder:/home/ammar/ros2_ws/install/test_serial:/home/ammar/turtlebot3_localization/install/kalman_filter:/home/ammar/f110_labs_ws/install/autodrive_nigel:/home/ammar/f110_labs_ws/install/autodrive_f1tenth:/home/ammar/sim_ws/install/f1tenth_gym_ros:/home/ammar/arduinobot_ws/install/arduinobot_py_examples:/opt/ros/humble /usr/bin/cmake --build /home/ammar/Robotics_Basics/build/diff_drive_robot -- -j12 -l12
[4.903s] Invoked command in '/home/ammar/Robotics_Basics/build/diff_drive_robot' returned '0': CMAKE_PREFIX_PATH=${CMAKE_PREFIX_PATH}:/home/ammar/ws_moveit2/install/moveit_configs_utils:/home/ammar/ws_moveit2/install/launch_param_builder:/home/ammar/ros2_ws/install/test_serial:/home/ammar/turtlebot3_localization/install/kalman_filter:/home/ammar/f110_labs_ws/install/autodrive_nigel:/home/ammar/f110_labs_ws/install/autodrive_f1tenth:/home/ammar/sim_ws/install/f1tenth_gym_ros:/home/ammar/arduinobot_ws/install/arduinobot_py_examples:/opt/ros/humble /usr/bin/cmake --build /home/ammar/Robotics_Basics/build/diff_drive_robot -- -j12 -l12
[4.917s] Invoking command in '/home/ammar/Robotics_Basics/build/diff_drive_robot': CMAKE_PREFIX_PATH=${CMAKE_PREFIX_PATH}:/home/ammar/ws_moveit2/install/moveit_configs_utils:/home/ammar/ws_moveit2/install/launch_param_builder:/home/ammar/ros2_ws/install/test_serial:/home/ammar/turtlebot3_localization/install/kalman_filter:/home/ammar/f110_labs_ws/install/autodrive_nigel:/home/ammar/f110_labs_ws/install/autodrive_f1tenth:/home/ammar/sim_ws/install/f1tenth_gym_ros:/home/ammar/arduinobot_ws/install/arduinobot_py_examples:/opt/ros/humble /usr/bin/cmake --install /home/ammar/Robotics_Basics/build/diff_drive_robot
[4.930s] -- Install configuration: ""
[4.930s] -- Installing: /home/ammar/Robotics_Basics/install/diff_drive_robot/share/diff_drive_robot/launch
[4.930s] -- Installing: /home/ammar/Robotics_Basics/install/diff_drive_robot/share/diff_drive_robot/launch/display.launch.py
[4.930s] -- Installing: /home/ammar/Robotics_Basics/install/diff_drive_robot/share/diff_drive_robot/urdf
[4.930s] -- Installing: /home/ammar/Robotics_Basics/install/diff_drive_robot/share/diff_drive_robot/urdf/diff_drive_robot.xacro
[4.930s] -- Installing: /home/ammar/Robotics_Basics/install/diff_drive_robot/share/diff_drive_robot/urdf/gazebo.xacro
[4.947s] -- Installing: /home/ammar/Robotics_Basics/install/diff_drive_robot/share/diff_drive_robot/worlds
[4.947s] -- Installing: /home/ammar/Robotics_Basics/install/diff_drive_robot/share/ament_index/resource_index/package_run_dependencies/diff_drive_robot
[4.947s] -- Installing: /home/ammar/Robotics_Basics/install/diff_drive_robot/share/ament_index/resource_index/parent_prefix_path/diff_drive_robot
[4.947s] -- Installing: /home/ammar/Robotics_Basics/install/diff_drive_robot/share/diff_drive_robot/environment/ament_prefix_path.sh
[4.948s] -- Installing: /home/ammar/Robotics_Basics/install/diff_drive_robot/share/diff_drive_robot/environment/ament_prefix_path.dsv
[4.948s] -- Installing: /home/ammar/Robotics_Basics/install/diff_drive_robot/share/diff_drive_robot/environment/path.sh
[4.948s] -- Installing: /home/ammar/Robotics_Basics/install/diff_drive_robot/share/diff_drive_robot/environment/path.dsv
[4.948s] -- Installing: /home/ammar/Robotics_Basics/install/diff_drive_robot/share/diff_drive_robot/local_setup.bash
[4.948s] -- Installing: /home/ammar/Robotics_Basics/install/diff_drive_robot/share/diff_drive_robot/local_setup.sh
[4.948s] -- Installing: /home/ammar/Robotics_Basics/install/diff_drive_robot/share/diff_drive_robot/local_setup.zsh
[4.948s] -- Installing: /home/ammar/Robotics_Basics/install/diff_drive_robot/share/diff_drive_robot/local_setup.dsv
[4.949s] -- Installing: /home/ammar/Robotics_Basics/install/diff_drive_robot/share/diff_drive_robot/package.dsv
[4.949s] -- Installing: /home/ammar/Robotics_Basics/install/diff_drive_robot/share/ament_index/resource_index/packages/diff_drive_robot
[4.949s] -- Installing: /home/ammar/Robotics_Basics/install/diff_drive_robot/share/diff_drive_robot/cmake/diff_drive_robotConfig.cmake
[4.949s] -- Installing: /home/ammar/Robotics_Basics/install/diff_drive_robot/share/diff_drive_robot/cmake/diff_drive_robotConfig-version.cmake
[4.949s] -- Installing: /home/ammar/Robotics_Basics/install/diff_drive_robot/share/diff_drive_robot/package.xml
[4.952s] Invoked command in '/home/ammar/Robotics_Basics/build/diff_drive_robot' returned '0': CMAKE_PREFIX_PATH=${CMAKE_PREFIX_PATH}:/home/ammar/ws_moveit2/install/moveit_configs_utils:/home/ammar/ws_moveit2/install/launch_param_builder:/home/ammar/ros2_ws/install/test_serial:/home/ammar/turtlebot3_localization/install/kalman_filter:/home/ammar/f110_labs_ws/install/autodrive_nigel:/home/ammar/f110_labs_ws/install/autodrive_f1tenth:/home/ammar/sim_ws/install/f1tenth_gym_ros:/home/ammar/arduinobot_ws/install/arduinobot_py_examples:/opt/ros/humble /usr/bin/cmake --install /home/ammar/Robotics_Basics/build/diff_drive_robot
