-- Install configuration: ""
-- Up-to-date: /home/ammar/Robotics_Basics/install/diff_drive_robot/share/diff_drive_robot/launch
-- Up-to-date: /home/ammar/Robotics_Basics/install/diff_drive_robot/share/diff_drive_robot/launch/display.launch.py
-- Installing: /home/ammar/Robotics_Basics/install/diff_drive_robot/share/diff_drive_robot/launch/gazebo.launch.py
-- Up-to-date: /home/ammar/Robotics_Basics/install/diff_drive_robot/share/diff_drive_robot/urdf
-- Up-to-date: /home/ammar/Robotics_Basics/install/diff_drive_robot/share/diff_drive_robot/urdf/diff_drive_robot.xacro
-- Up-to-date: /home/ammar/Robotics_Basics/install/diff_drive_robot/share/diff_drive_robot/urdf/gazebo.xacro
-- Up-to-date: /home/ammar/Robotics_Basics/install/diff_drive_robot/share/diff_drive_robot/worlds
-- Up-to-date: /home/ammar/Robotics_Basics/install/diff_drive_robot/share/ament_index/resource_index/package_run_dependencies/diff_drive_robot
-- Up-to-date: /home/ammar/Robotics_Basics/install/diff_drive_robot/share/ament_index/resource_index/parent_prefix_path/diff_drive_robot
-- Up-to-date: /home/ammar/Robotics_Basics/install/diff_drive_robot/share/diff_drive_robot/environment/ament_prefix_path.sh
-- Up-to-date: /home/ammar/Robotics_Basics/install/diff_drive_robot/share/diff_drive_robot/environment/ament_prefix_path.dsv
-- Up-to-date: /home/ammar/Robotics_Basics/install/diff_drive_robot/share/diff_drive_robot/environment/path.sh
-- Up-to-date: /home/ammar/Robotics_Basics/install/diff_drive_robot/share/diff_drive_robot/environment/path.dsv
-- Up-to-date: /home/ammar/Robotics_Basics/install/diff_drive_robot/share/diff_drive_robot/local_setup.bash
-- Up-to-date: /home/ammar/Robotics_Basics/install/diff_drive_robot/share/diff_drive_robot/local_setup.sh
-- Up-to-date: /home/ammar/Robotics_Basics/install/diff_drive_robot/share/diff_drive_robot/local_setup.zsh
-- Up-to-date: /home/ammar/Robotics_Basics/install/diff_drive_robot/share/diff_drive_robot/local_setup.dsv
-- Installing: /home/ammar/Robotics_Basics/install/diff_drive_robot/share/diff_drive_robot/package.dsv
-- Up-to-date: /home/ammar/Robotics_Basics/install/diff_drive_robot/share/ament_index/resource_index/packages/diff_drive_robot
-- Up-to-date: /home/ammar/Robotics_Basics/install/diff_drive_robot/share/diff_drive_robot/cmake/diff_drive_robotConfig.cmake
-- Up-to-date: /home/ammar/Robotics_Basics/install/diff_drive_robot/share/diff_drive_robot/cmake/diff_drive_robotConfig-version.cmake
-- Up-to-date: /home/ammar/Robotics_Basics/install/diff_drive_robot/share/diff_drive_robot/package.xml
