[0.022s] Invoking command in '/home/ammar/Robotics_Basics/build/diff_drive_robot': CMAKE_PREFIX_PATH=${CMAKE_PREFIX_PATH}:/home/ammar/ws_moveit2/install/moveit_configs_utils:/home/ammar/ws_moveit2/install/launch_param_builder:/home/ammar/ros2_ws/install/test_serial:/home/ammar/turtlebot3_localization/install/kalman_filter:/home/ammar/f110_labs_ws/install/autodrive_nigel:/home/ammar/f110_labs_ws/install/autodrive_f1tenth:/home/ammar/sim_ws/install/f1tenth_gym_ros:/home/ammar/arduinobot_ws/install/arduinobot_py_examples:/opt/ros/humble /usr/bin/cmake /home/ammar/Robotics_Basics/src/diff_drive_robot -DAMENT_CMAKE_SYMLINK_INSTALL=1 -DCMAKE_INSTALL_PREFIX=/home/ammar/Robotics_Basics/install/diff_drive_robot
[0.042s] -- Found ament_cmake: 1.3.14 (/opt/ros/humble/share/ament_cmake/cmake)
[0.221s] -- Override CMake install command with custom implementation using symlinks instead of copying resources
[0.231s] -- Found ament_lint_auto: 0.12.15 (/opt/ros/humble/share/ament_lint_auto/cmake)
[0.331s] -- Added test 'flake8' to check Python code syntax and style conventions
[0.332s] -- Added test 'lint_cmake' to check CMake code style
[0.332s] -- Added test 'pep257' to check Python code against some of the docstring style conventions in PEP 257
[0.333s] -- Added test 'xmllint' to check XML markup files
[0.335s] -- Configuring done
[0.338s] -- Generating done
[0.340s] -- Build files have been written to: /home/ammar/Robotics_Basics/build/diff_drive_robot
[0.344s] Invoked command in '/home/ammar/Robotics_Basics/build/diff_drive_robot' returned '0': CMAKE_PREFIX_PATH=${CMAKE_PREFIX_PATH}:/home/ammar/ws_moveit2/install/moveit_configs_utils:/home/ammar/ws_moveit2/install/launch_param_builder:/home/ammar/ros2_ws/install/test_serial:/home/ammar/turtlebot3_localization/install/kalman_filter:/home/ammar/f110_labs_ws/install/autodrive_nigel:/home/ammar/f110_labs_ws/install/autodrive_f1tenth:/home/ammar/sim_ws/install/f1tenth_gym_ros:/home/ammar/arduinobot_ws/install/arduinobot_py_examples:/opt/ros/humble /usr/bin/cmake /home/ammar/Robotics_Basics/src/diff_drive_robot -DAMENT_CMAKE_SYMLINK_INSTALL=1 -DCMAKE_INSTALL_PREFIX=/home/ammar/Robotics_Basics/install/diff_drive_robot
[0.345s] Invoking command in '/home/ammar/Robotics_Basics/build/diff_drive_robot': CMAKE_PREFIX_PATH=${CMAKE_PREFIX_PATH}:/home/ammar/ws_moveit2/install/moveit_configs_utils:/home/ammar/ws_moveit2/install/launch_param_builder:/home/ammar/ros2_ws/install/test_serial:/home/ammar/turtlebot3_localization/install/kalman_filter:/home/ammar/f110_labs_ws/install/autodrive_nigel:/home/ammar/f110_labs_ws/install/autodrive_f1tenth:/home/ammar/sim_ws/install/f1tenth_gym_ros:/home/ammar/arduinobot_ws/install/arduinobot_py_examples:/opt/ros/humble /usr/bin/cmake --build /home/ammar/Robotics_Basics/build/diff_drive_robot -- -j12 -l12
[0.401s] Invoked command in '/home/ammar/Robotics_Basics/build/diff_drive_robot' returned '0': CMAKE_PREFIX_PATH=${CMAKE_PREFIX_PATH}:/home/ammar/ws_moveit2/install/moveit_configs_utils:/home/ammar/ws_moveit2/install/launch_param_builder:/home/ammar/ros2_ws/install/test_serial:/home/ammar/turtlebot3_localization/install/kalman_filter:/home/ammar/f110_labs_ws/install/autodrive_nigel:/home/ammar/f110_labs_ws/install/autodrive_f1tenth:/home/ammar/sim_ws/install/f1tenth_gym_ros:/home/ammar/arduinobot_ws/install/arduinobot_py_examples:/opt/ros/humble /usr/bin/cmake --build /home/ammar/Robotics_Basics/build/diff_drive_robot -- -j12 -l12
[0.416s] Invoking command in '/home/ammar/Robotics_Basics/build/diff_drive_robot': CMAKE_PREFIX_PATH=${CMAKE_PREFIX_PATH}:/home/ammar/ws_moveit2/install/moveit_configs_utils:/home/ammar/ws_moveit2/install/launch_param_builder:/home/ammar/ros2_ws/install/test_serial:/home/ammar/turtlebot3_localization/install/kalman_filter:/home/ammar/f110_labs_ws/install/autodrive_nigel:/home/ammar/f110_labs_ws/install/autodrive_f1tenth:/home/ammar/sim_ws/install/f1tenth_gym_ros:/home/ammar/arduinobot_ws/install/arduinobot_py_examples:/opt/ros/humble /usr/bin/cmake --install /home/ammar/Robotics_Basics/build/diff_drive_robot
[0.428s] -- Install configuration: ""
[0.429s] -- Execute custom install script
[0.429s] -- Up-to-date symlink: /home/ammar/Robotics_Basics/install/diff_drive_robot/lib/diff_drive_robot/kinematic_model.py
[0.429s] -- Symlinking: /home/ammar/Robotics_Basics/install/diff_drive_robot/share/diff_drive_robot/launch/__pycache__/gazebo.launch.cpython-310.pyc
[0.443s] -- Up-to-date symlink: /home/ammar/Robotics_Basics/install/diff_drive_robot/share/diff_drive_robot/launch/__pycache__/gazebo_paused.launch.cpython-310.pyc
[0.443s] -- Up-to-date symlink: /home/ammar/Robotics_Basics/install/diff_drive_robot/share/diff_drive_robot/launch/display.launch.py
[0.443s] -- Up-to-date symlink: /home/ammar/Robotics_Basics/install/diff_drive_robot/share/diff_drive_robot/launch/gazebo.launch.py
[0.444s] -- Up-to-date symlink: /home/ammar/Robotics_Basics/install/diff_drive_robot/share/diff_drive_robot/launch/gazebo_paused.launch.py
[0.444s] -- Up-to-date symlink: /home/ammar/Robotics_Basics/install/diff_drive_robot/share/diff_drive_robot/urdf/diff_drive_robot.xacro
[0.444s] -- Up-to-date symlink: /home/ammar/Robotics_Basics/install/diff_drive_robot/share/diff_drive_robot/urdf/gazebo.xacro
[0.444s] -- Up-to-date symlink: /home/ammar/Robotics_Basics/install/diff_drive_robot/share/diff_drive_robot/src/kinematic_model.py
[0.445s] -- Up-to-date symlink: /home/ammar/Robotics_Basics/install/diff_drive_robot/share/ament_index/resource_index/package_run_dependencies/diff_drive_robot
[0.445s] -- Up-to-date symlink: /home/ammar/Robotics_Basics/install/diff_drive_robot/share/ament_index/resource_index/parent_prefix_path/diff_drive_robot
[0.445s] -- Up-to-date symlink: /home/ammar/Robotics_Basics/install/diff_drive_robot/share/diff_drive_robot/environment/ament_prefix_path.sh
[0.445s] -- Up-to-date symlink: /home/ammar/Robotics_Basics/install/diff_drive_robot/share/diff_drive_robot/environment/ament_prefix_path.dsv
[0.445s] -- Up-to-date symlink: /home/ammar/Robotics_Basics/install/diff_drive_robot/share/diff_drive_robot/environment/path.sh
[0.446s] -- Up-to-date symlink: /home/ammar/Robotics_Basics/install/diff_drive_robot/share/diff_drive_robot/environment/path.dsv
[0.446s] -- Up-to-date symlink: /home/ammar/Robotics_Basics/install/diff_drive_robot/share/diff_drive_robot/local_setup.bash
[0.446s] -- Up-to-date symlink: /home/ammar/Robotics_Basics/install/diff_drive_robot/share/diff_drive_robot/local_setup.sh
[0.446s] -- Up-to-date symlink: /home/ammar/Robotics_Basics/install/diff_drive_robot/share/diff_drive_robot/local_setup.zsh
[0.446s] -- Up-to-date symlink: /home/ammar/Robotics_Basics/install/diff_drive_robot/share/diff_drive_robot/local_setup.dsv
[0.446s] -- Symlinking: /home/ammar/Robotics_Basics/install/diff_drive_robot/share/diff_drive_robot/package.dsv
[0.460s] -- Up-to-date symlink: /home/ammar/Robotics_Basics/install/diff_drive_robot/share/ament_index/resource_index/packages/diff_drive_robot
[0.460s] -- Up-to-date symlink: /home/ammar/Robotics_Basics/install/diff_drive_robot/share/diff_drive_robot/cmake/diff_drive_robotConfig.cmake
[0.460s] -- Up-to-date symlink: /home/ammar/Robotics_Basics/install/diff_drive_robot/share/diff_drive_robot/cmake/diff_drive_robotConfig-version.cmake
[0.461s] -- Up-to-date symlink: /home/ammar/Robotics_Basics/install/diff_drive_robot/share/diff_drive_robot/package.xml
[0.463s] Invoked command in '/home/ammar/Robotics_Basics/build/diff_drive_robot' returned '0': CMAKE_PREFIX_PATH=${CMAKE_PREFIX_PATH}:/home/ammar/ws_moveit2/install/moveit_configs_utils:/home/ammar/ws_moveit2/install/launch_param_builder:/home/ammar/ros2_ws/install/test_serial:/home/ammar/turtlebot3_localization/install/kalman_filter:/home/ammar/f110_labs_ws/install/autodrive_nigel:/home/ammar/f110_labs_ws/install/autodrive_f1tenth:/home/ammar/sim_ws/install/f1tenth_gym_ros:/home/ammar/arduinobot_ws/install/arduinobot_py_examples:/opt/ros/humble /usr/bin/cmake --install /home/ammar/Robotics_Basics/build/diff_drive_robot
